MAP
  NAME "Bexley"
  STATUS ON
  EXTENT -180 -90 180 90
  SHAPEPATH "../../layers"

  OUTPUTFORMAT
    NAME "geojson"
    DRIVER "OGR/GEOJSON"
    MIMETYPE "application/json; subtype=geojson"
    FORMATOPTION "STORAGE=stream"
    FORMATOPTION "FORM=SIMPLE"
  END

  LAYER
    NAME "Streets"
    METADATA
      "wfs_title"         "Streets" ##REQUIRED
      "wfs_srs"           "EPSG:3857 EPSG:27700" ## REQUIRED
      "gml_include_items" "NSG_REF"
      "gml_featureid"     "NSG_REF" ## REQUIRED
      "wfs_enable_request" "*"
      "wfs_getfeature_formatlist" "geojson"
    END
    TYPE LINE
    STATUS ON
    DATA 'bexley/Streets'
    PROJECTION
      "init=epsg:27700"
    END
  END #layer

  LAYER
    NAME "Bollards"
    METADATA
      "wfs_title"         "Bollards" ##REQUIRED
      "wfs_srs"           "EPSG:3857 EPSG:27700" ## REQUIRED
      "gml_include_items" "Unit_ID,Unit_No"
      "gml_featureid"     "Unit_ID" ## REQUIRED
      "wfs_enable_request" "*"
      "wfs_getfeature_formatlist" "geojson"
    END
    TYPE POINT
    STATUS ON
    DATA 'bexley/Bollards'
    PROJECTION
      "init=epsg:27700"
    END
  END #layer

  LAYER
    NAME "Lighting"
    METADATA
      "wfs_title"         "Lighting" ##REQUIRED
      "wfs_srs"           "EPSG:3857 EPSG:27700" ## REQUIRED
      "gml_include_items" "SYMLINK,UNITNO"
      "gml_featureid"     "SYMLINK" ## REQUIRED
      "gml_SYMLINK_alias" "Unit_ID"
      "gml_UNITNO_alias" "Unit_No"
      "wfs_enable_request" "*"
      "wfs_getfeature_formatlist" "geojson"
    END
    TYPE POINT
    STATUS ON
    DATA 'bexley/Lighting'
    PROJECTION
      "init=epsg:27700"
    END
  END #layer

END #mapfile
