MAP
  NAME "Bromley"
  STATUS ON
  EXTENT -180 -90 180 90
  SHAPEPATH "../../layers"

  OUTPUTFORMAT
    NAME "geojson"
    DRIVER "OGR/GEOJSON"
    MIMETYPE "application/json; subtype=geojson"
    FORMATOPTION "STORAGE=stream"
    FORMATOPTION "FORM=SIMPLE"
  END

  LAYER
    NAME "Streetlights"
    METADATA
      "wfs_title"         "Street Lights" ##REQUIRED
      "wfs_srs"           "EPSG:3857" ## REQUIRED
      "gml_include_items" "feature_id" ## Optional (serves all attributes for layer)
      "gml_feature_id_alias" "FEATURE_ID"
      "gml_featureid"     "feature_id" ## REQUIRED
      "wfs_enable_request" "*"
    END
    TYPE POINT
    STATUS ON
    DATA 'bromley/LampColumns121121TrimmedCopy'
    PROJECTION
      "init=epsg:27700"
    END
  END #layer

  LAYER
    NAME "Bins"
    TYPE POINT
    STATUS ON
    METADATA
      "wfs_title"         "Park Bins" ##REQUIRED
      "wfs_srs"           "EPSG:3857" ## REQUIRED
      "gml_include_items" "site_code,central_as" ## Optional (serves all attributes for layer)
      "gml_featureid"     "fid" ## REQUIRED
      "wfs_enable_request" "*"
    END
    CONNECTIONTYPE UNION
    CONNECTION "Litter_Bins,Dog_Bins"
    PROJECTION
      "init=epsg:27700"
    END
  END #layer

  LAYER
    NAME "Litter_Bins"
    METADATA
      "wfs_title"         "Litter Bins" ##REQUIRED
      "wfs_srs"           "EPSG:3857" ## REQUIRED
      "gml_include_items" "site_code,central_as" ## Optional (serves all attributes for layer)
      "gml_featureid"     "fid" ## REQUIRED
      "wfs_enable_request" "*"
    END
    TYPE POINT
    STATUS ON
    DATA 'bromley/litter_empty_bins_fms_march18'
    PROJECTION
      "init=epsg:27700"
    END
  END #layer

  LAYER
    NAME "Dog_Bins"
    METADATA
      "wfs_title"         "Dog Bins" ##REQUIRED
      "wfs_srs"           "EPSG:3857" ## REQUIRED
      "gml_include_items" "site_code,central_as" ## Optional (serves all attributes for layer)
      "gml_featureid"     "fid" ## REQUIRED
      "wfs_enable_request" "*"
    END
    TYPE POINT
    STATUS ON
    DATA 'bromley/DogBin_fms_march18'
    PROJECTION
      "init=epsg:27700"
    END
  END #layer


  LAYER
    NAME "Street_Trees"
    METADATA
      "wfs_title"         "Street Trees" ##REQUIRED
      "wfs_srs"           "EPSG:3857" ## REQUIRED
      "gml_include_items" "site_code,central_as" ## Optional (serves all attributes for layer)
      "gml_featureid"     "fid" ## REQUIRED
      "wfs_enable_request" "*"
    END
    TYPE POINT
    STATUS ON
    DATA 'bromley/street_trees_fms_march18'
    PROJECTION
      "init=epsg:27700"
    END
  END #layer


  LAYER
    NAME "TFL_Red_Route"
    METADATA
      "wfs_title"         "TFL Red Route" ##REQUIRED
      "wfs_srs"           "EPSG:3857" ## REQUIRED
      "gml_include_items" "site_code,central_as" ## Optional (serves all attributes for layer)
      "gml_featureid"     "fid" ## REQUIRED
      "wfs_enable_request" "*"
    END
    TYPE POINT
    STATUS ON
    DATA 'bromley/TFL_LBB_Boundary_fms_march18'
    PROJECTION
      "init=epsg:27700"
    END
  END #layer

  LAYER
    NAME "PROW"
    METADATA
      "wfs_title"         "Public Rights of Way" ##REQUIRED
      "wfs_srs"           "EPSG:3857" ## REQUIRED
      "gml_include_items" "PROW_REFER" ## Optional (serves all attributes for layer)
      "gml_featureid"     "fid" ## REQUIRED
      "wfs_enable_request" "*"
    END
    TYPE POINT
    STATUS ON
    DATA 'bromley/PROW_fms_march18'
    PROJECTION
      "init=epsg:27700"
    END
  END #layer

  LAYER
    NAME "Parks_Open_Spaces"
    METADATA
      "wfs_title"         "Parks & open spaces" ##REQUIRED
      "wfs_srs"           "EPSG:3857 EPSG:27700" ## REQUIRED
      "gml_include_items" "SITENAME,site_code" ## Optional (serves all attributes for layer)
      "gml_SITENAME_alias" "site_name"
      "gml_featureid"     "OBJECTID" ## REQUIRED
      "wfs_enable_request" "*"
      "wfs_getfeature_formatlist" "geojson"
    END
    TYPE POINT
    STATUS ON
    DATA 'bromley/ConfirmMatchedParksOpenSpaceSites'
    PROJECTION
      "init=epsg:27700"
    END
  END #layer

  LAYER
    NAME "Drains"
    METADATA
      "wfs_title"         "Drains" ##REQUIRED
      "wfs_srs"           "EPSG:3857 EPSG:27700" ## REQUIRED
      "gml_include_items" "node_id,USRN"
      "gml_featureid"     "node_id" ## REQUIRED
      "wfs_enable_request" "*"
    END
    TYPE POINT
    STATUS ON
    CONNECTIONTYPE OGR
    CONNECTION 'bromley/KaarbonTechGullies.gpkg'
    DATA 'gullies'
    PROJECTION
      "init=epsg:27700"
    END
  END #layer

  LAYER
    NAME "Crystal_Palace_Park"
    METADATA
      "wfs_title"         "Crystal Palace Park" ##REQUIRED
      "wfs_srs"           "EPSG:3857 EPSG:27700" ## REQUIRED
      "gml_featureid"     "Name" ## REQUIRED
      "wfs_enable_request" "*"
    END
    TYPE POLYGON
    CONNECTIONTYPE OGR
    CONNECTION 'bromley/Crystal Palace Park.kml'
    DATA 'Crystal Palace Park'
    PROJECTION
      "init=epsg:4326"
    END
  END #layer

  LAYER
    NAME "National_Sports_Centre"
    METADATA
      "wfs_title"         "National Sports Centre" ##REQUIRED
      "wfs_srs"           "EPSG:3857 EPSG:27700" ## REQUIRED
      "gml_featureid"     "Name" ## REQUIRED
      "wfs_enable_request" "*"
    END
    TYPE POLYGON
    CONNECTIONTYPE OGR
    CONNECTION 'bromley/National Sports Centre.kml'
    DATA 'National Sports Centre'
    PROJECTION
      "init=epsg:4326"
    END
  END #layer

  LAYER
    NAME "Chislehurst_Commons"
    METADATA
      "wfs_title"         "Chislehurst Commons" ##REQUIRED
      "wfs_srs"           "EPSG:3857 EPSG:27700" ## REQUIRED
      "gml_featureid"     "Name" ## REQUIRED
      "wfs_enable_request" "*"
    END
    TYPE POLYGON
    CONNECTIONTYPE OGR
    CONNECTION 'bromley/Chislehurst Commons.kml'
    DATA 'Chislehurst Commons'
    PROJECTION
      "init=epsg:4326"
    END
  END #layer

  LAYER
    NAME "WarrenAvenue"
    METADATA
      "wfs_title"         "Warren Avenue" ##REQUIRED
      "wfs_srs"           "EPSG:3857 EPSG:27700" ## REQUIRED
      "gml_featureid"     "Name" ## REQUIRED
      "wfs_enable_request" "*"
    END
    TYPE POLYGON
    CONNECTIONTYPE OGR
    CONNECTION 'bromley/WarrenAvenuePlayingFields.kml'
    DATA 'Warren Avenue Playing Fields'
    PROJECTION
      "init=epsg:4326"
    END
  END #layer

  LAYER
    NAME "NatureFriendlyVerges"
    METADATA
      "wfs_title"         "Nature Friendly Verges" ##REQUIRED
      "wfs_srs"           "EPSG:3857 EPSG:27700" ## REQUIRED
      "gml_featureid"     "Name" ## REQUIRED
      "wfs_enable_request" "*"
    END
    TYPE POLYGON
    CONNECTIONTYPE OGR
    CONNECTION 'bromley/NatureFriendlyVerges.kml'
    DATA 'Nature Friendly Verges'
    PROJECTION
      "init=epsg:4326"
    END
  END #layer

  LAYER
    NAME "Recycling_Bank_Points"
    METADATA
      "wfs_title"         "Recycling_Bank_Points" ##REQUIRED
      "wfs_srs"           "EPSG:3857 EPSG:27700 EPSG:4326" ## REQUIRED
      "gml_featureid"     "fid" ## REQUIRED
      "wfs_enable_request" "*"
    END
    TYPE POINT
    STATUS ON
    CONNECTIONTYPE OGR
    CONNECTION 'bromley/Recycling_Bank_Points.gpkg'
    DATA 'Recycling_Bank_Points'
    PROJECTION
      "init=epsg:4326"
    END

  END #layer

  LAYER
    NAME "Chinbrook_Meadows"
    METADATA
      "wfs_title"         "Chinbrook Meadows" ##REQUIRED
      "wfs_srs"           "EPSG:3857 EPSG:27700 EPSG:4326" ## REQUIRED
      "gml_featureid"     "id" ## REQUIRED
      "wfs_enable_request" "*"
      "wfs_getfeature_formatlist" "geojson"
    END
    TYPE POLYGON
    CONNECTIONTYPE OGR
    CONNECTION 'bromley/ChinbrookMeadows.gpkg'
    DATA 'chinbrook_meadows'
    PROJECTION
      "init=epsg:4326"
    END
  END #layer

END #mapfile
