MAP
  NAME "Central Beds"
  STATUS ON
  EXTENT 0 0 700000 1300000
  SHAPEPATH "../../layers"
  PROJECTION
    "init=epsg:27700"
  END

  WEB
    METADATA
      "wfs_srs" "EPSG:27700 EPSG:3857"
    END
  END

  OUTPUTFORMAT
    NAME "geojson"
    DRIVER "OGR/GEOJSON"
    MIMETYPE "application/json; subtype=geojson"
    FORMATOPTION "STORAGE=stream"
    FORMATOPTION "FORM=SIMPLE"
  END

  LAYER
    NAME "Highways"
    METADATA
      "wfs_title"         "Highways" ##REQUIRED
      "gml_include_items" "ogc_fid,adoption,streetref1"
      "gml_featureid"     "ogc_fid" ## REQUIRED
      "wfs_enable_request" "*"
      "wfs_getfeature_formatlist" "geojson"
    END
    TYPE LINE
    STATUS ON
    DATA 'centralbeds/Highways'
    PROJECTION
      "init=epsg:27700"
    END
  END #layer

  # It doesn't appear possible to include field with spaces
  # in the WFS output, so the original shapefile was 
  # processed as follows (photos may be used in the future):
  # $ ogr2ogr StreetLighting.shp Street\ Lighting.shp -sql "SELECT ogc_fid, \"lighting c\" AS lighting_c, photo01, photo02, photo03, photo04, photo05, photo06 FROM \"Street Lighting\""
  LAYER
    NAME "StreetLighting"
    METADATA
      "wfs_title"         "StreetLighting" ##REQUIRED
      "gml_include_items" "ogc_fid,lighting_c,eqno,asset"
      "gml_featureid"     "ogc_fid" ## REQUIRED
      "wfs_enable_request" "*"
      "wfs_getfeature_formatlist" "geojson"
    END
    TYPE POINT
    STATUS ON
    DATA 'centralbeds/StreetLighting'
    PROJECTION
      "init=epsg:27700"
    END
  END #layer

  LAYER
    NAME "Gullies"
    METADATA
      "wfs_title"         "Gullies" ##REQUIRED
      "gml_include_items" "node_id,external_i"
      "gml_featureid"     "node_id" ## REQUIRED
      "wfs_enable_request" "*"
      "wfs_getfeature_formatlist" "geojson"
    END
    TYPE POINT
    STATUS ON
    DATA 'centralbeds/node'
    PROJECTION
      "init=epsg:27700"
    END
  END #layer

  LAYER
    NAME "SaltBins"
    METADATA
      "wfs_title"         "SaltBins" ##REQUIRED
      "gml_unit id_alias" "unit_id"
      "gml_include_items" "unit id"
      "gml_featureid"     "unit id" ## REQUIRED
      "wfs_enable_request" "*"
      "wfs_getfeature_formatlist" "geojson"
    END
    TYPE POINT
    STATUS ON
    DATA 'centralbeds/CBC Salt Bins 19122023'
    PROJECTION
      "init=epsg:27700"
    END
  END #layer

  LAYER
    NAME "PROW"
    METADATA
      "wfs_title"         "PROW" ##REQUIRED
      "gml_include_items" "type,parish,path_no"
      "gml_featureid"     "ogc_fid" ## REQUIRED
      "wfs_enable_request" "*"
      "wfs_getfeature_formatlist" "geojson"
    END
    TYPE POINT
    STATUS ON
    DATA 'centralbeds/row_legal_network'
    PROJECTION
      "init=epsg:27700"
    END
  END #layer

END #mapfile
