MAP
  NAME "FMS_WFS_server"
  STATUS ON
  SIZE 400 300
  #SYMBOLSET "../etc/symbols.txt"
  EXTENT -180 -90 180 90
  UNITS DD
  SHAPEPATH "../../layers"
  IMAGECOLOR 255 255 255
  #FONTSET "../etc/fonts.txt"

  OUTPUTFORMAT
    NAME "geojson"
    DRIVER "OGR/GEOJSON"
    MIMETYPE "application/json; subtype=geojson"
    FORMATOPTION "STORAGE=stream"
    FORMATOPTION "FORM=SIMPLE"
  END

  LAYER
    NAME "Road_Sections"
    METADATA
      "wfs_title"         "Road_Sections" ##REQUIRED
      "wfs_srs"           "EPSG:3857 EPSG:27700" ## REQUIRED
      "gml_include_items" "FEATURE_ID,SITE_CODE,CENTRAL_ASSET_ID" ## Optional (serves all attributes for layer)
      "gml_featureid"     "FEATURE_ID" ## REQUIRED
      "wfs_enable_request" "*"
      "wfs_getfeature_formatlist" "geojson"
  END
    TYPE LINE
    STATUS ON
    CONNECTIONTYPE OGR
    CONNECTION "hampshire/Road_Sections.TAB"
    PROJECTION
      "init=epsg:27700"
    END
  END #layer

  LAYER
    NAME "salt_bins"
    METADATA
      "wfs_title"         "salt_bins" ##REQUIRED
      "wfs_srs"           "EPSG:3857 EPSG:27700" ## REQUIRED
      "gml_include_items" "Asset_ID,OBJECTID" ## Optional (serves all attributes for layer)
      "gml_featureid"     "OBJECTID" ## REQUIRED
      "wfs_enable_request" "*"
      "wfs_getfeature_formatlist" "geojson"
    END
    TYPE POINT
    STATUS ON
    DATA 'hampshire/salt_bins'
    PROJECTION
      "init=epsg:27700"
    END
  END #layer

END #mapfile
