MAP
  NAME "Hampshire"
  STATUS ON
  EXTENT -180 -90 180 90
  SHAPEPATH "../../layers"

  OUTPUTFORMAT
    NAME "geojson"
    DRIVER "OGR/GEOJSON"
    MIMETYPE "application/json; subtype=geojson"
    FORMATOPTION "STORAGE=stream"
    FORMATOPTION "FORM=SIMPLE"
  END

  LAYER
    NAME "Road_Sections"
    METADATA
      "wfs_title"         "Road_Sections" ##REQUIRED
      "wfs_srs"           "EPSG:3857 EPSG:27700" ## REQUIRED
      "gml_include_items" "c_asset_id,site_code,asset_id" ## Optional (serves all attributes for layer)
      "gml_c_asset_id_alias" "CENTRAL_ASSET_ID"
      "gml_site_code_alias" "SITE_CODE"
      "gml_asset_id_alias" "FEATURE_ID"
      "gml_featureid"     "asset_id" ## REQUIRED
      "wfs_enable_request" "*"
      "wfs_getfeature_formatlist" "geojson"
  END
    TYPE LINE
    STATUS ON
    DATA 'hampshire/Road_Section_Export'
    PROJECTION
      "init=epsg:27700"
    END
  END #layer

  LAYER
    NAME "salt_bins"
    METADATA
      "wfs_title"         "salt_bins" ##REQUIRED
      "wfs_srs"           "EPSG:3857 EPSG:27700" ## REQUIRED
      "gml_include_items" "Asset_ID,OBJECTID" ## Optional (serves all attributes for layer)
      "gml_featureid"     "OBJECTID" ## REQUIRED
      "wfs_enable_request" "*"
      "wfs_getfeature_formatlist" "geojson"
    END
    TYPE POINT
    STATUS ON
    DATA 'hampshire/salt_bins'
    PROJECTION
      "init=epsg:27700"
    END
  END #layer

END #mapfile
