MAP
  NAME "Lincolnshire"
  STATUS ON
  EXTENT -180 -90 180 90
  SHAPEPATH "../../layers"

  OUTPUTFORMAT
    NAME "geojson"
    DRIVER "OGR/GEOJSON"
    MIMETYPE "application/json; subtype=geojson"
    FORMATOPTION "STORAGE=stream"
    FORMATOPTION "FORM=SIMPLE"
  END


  #
  # Start of web interface definition
  #
  WEB
    IMAGEPATH "/ms4w/tmp/ms_tmp/"
    IMAGEURL "/ms_tmp/"
    METADATA
      "wfs_title"          "WFS Demo Server for MapServer" ## REQUIRED
      # "wfs_onlineresource" "https://confirmdev.eu.ngrok.io/localmaps/?" ## Recommended
      "wfs_srs"            "EPSG:3857 EPSG:27700" ## Recommended
      #"wfs_abstract"       "This text describes my WFS service." ## Recommended
      "wfs_enable_request" "* !GetCapabilities"  # necessary
      "wfs_getfeature_formatlist" "geojson"
    END
  END

  #
  # Start of layer definitions
  #

  LAYER
    NAME "Public_Transport_Stops"
    METADATA
      "wfs_title"         "Public Transport Stops" ##REQUIRED
      "wfs_srs"           "EPSG:3857" ## REQUIRED
      "gml_include_items" "Central_Asset_Id,Asset_Id"
      "gml_Central_Asset_Id_alias" "Confirm_CA"
      "gml_Feature_Type_alias" "Type"
      "gml_featureid"     "Asset_Id"
      "wfs_enable_request" "* !GetCapabilities"
    END
    TYPE POINT
    STATUS ON
    CONNECTION 'lincs/Public_Transport_Stops.TAB'
    CONNECTIONTYPE OGR
    PROJECTION
      "init=epsg:27700"
    END
  END #layer

  LAYER
    NAME "SL_Bollards"
    METADATA
      "wfs_title"         "Bollards" ##REQUIRED
      "wfs_srs"           "EPSG:3857" ## REQUIRED
      "gml_include_items" "Central_Asset_Id,Asset_Id"
      "gml_Central_Asset_Id_alias" "Confirm_CA"
      "gml_Feature_Type_alias" "Type"
      "gml_featureid"     "Asset_Id"
      "wfs_enable_request" "* !GetCapabilities"
    END
    TYPE POINT
    STATUS ON
    CONNECTION 'lincs/SL_Bollards.TAB'
    CONNECTIONTYPE OGR
    PROJECTION
      "init=epsg:27700"
    END
  END #layer

  LAYER
    NAME "SL_Street_Light_Units"
    METADATA
      "wfs_title"         "Street Light Units" ##REQUIRED
      "wfs_srs"           "EPSG:3857" ## REQUIRED
      "gml_include_items" "Central_Asset_Id,Asset_Id"
      "gml_Central_Asset_Id_alias" "Confirm_CA"
      "gml_Feature_Type_alias" "Type"
      "gml_featureid"     "Asset_Id"
      "wfs_enable_request" "* !GetCapabilities"
    END
    TYPE POINT
    STATUS ON
    CONNECTION 'lincs/SL_Street_Light_Units.TAB'
    CONNECTIONTYPE OGR
    PROJECTION
      "init=epsg:27700"
    END
  END #layer

  LAYER
    NAME "LCC_Verges"
    METADATA
      "wfs_title"         "Grass verges" ##REQUIRED
      "wfs_srs"           "EPSG:3857" ## REQUIRED
      "gml_include_items" "Asset_Id,Cut_1,Cut_2,Cut_3,CutType,Cut_By,Authority"
      "gml_featureid"     "Asset_Id"
      "wfs_enable_request" "* !GetCapabilities"
    END
    TYPE POLYGON
    STATUS ON
    CONNECTION 'lincs/LCC Verges.TAB'
    CONNECTIONTYPE OGR
    PROJECTION
      "init=epsg:27700"
    END
  END #layer

  LAYER
    NAME "LCC_Verges_Lines"
    METADATA
      "wfs_title"         "Grass verges" ##REQUIRED
      "wfs_srs"           "EPSG:3857" ## REQUIRED
      "gml_include_items" "Asset_Id,Cut_1,Cut_2,Cut_3,CutType,Cut_By,Authority"
      "gml_featureid"     "Asset_Id"
      "wfs_enable_request" "* !GetCapabilities"
    END
    TYPE LINE
    STATUS ON
    CONNECTION 'lincs/LCC Verges.TAB'
    CONNECTIONTYPE OGR
    PROJECTION
      "init=epsg:27700"
    END
  END #layer

  LAYER
    NAME "LCC_Drainage-GulliesOffletsManholes"
    METADATA
      "wfs_title"         "Gullies/Offlets/Manholes" ##REQUIRED
      "wfs_srs"           "EPSG:3857" ## REQUIRED
      "gml_include_items" "Central_Asset_Id,Asset_Id"
      "gml_Central_Asset_Id_alias" "Confirm_CA"
      "gml_Feature_Type_alias" "Type"
      "gml_featureid"     "Asset_Id"
      "wfs_enable_request" "* !GetCapabilities"
    END
    TYPE POINT
    STATUS ON
    CONNECTION 'lincs/Drainage01-CollectionPoints.TAB'
    CONNECTIONTYPE OGR
    PROJECTION
      "init=epsg:27700"
    END
  END #layer

  LAYER
    NAME "SL_Lit_Signs"
    METADATA
      "wfs_title"         "Signs (lit)" ##REQUIRED
      "wfs_srs"           "EPSG:3857" ## REQUIRED
      "gml_include_items" "Central_Asset_Id,Asset_Id"
      "gml_Central_Asset_Id_alias" "Confirm_CA"
      "gml_Feature_Type_alias" "Type"
      "gml_featureid"     "Asset_Id"
      "wfs_enable_request" "* !GetCapabilities"
    END
    TYPE POINT
    STATUS ON
    CONNECTION 'lincs/SL_Lit_Signs.TAB'
    CONNECTIONTYPE OGR
    PROJECTION
      "init=epsg:27700"
    END
  END #layer

  LAYER
    NAME "ST_All_Structures"
    METADATA
      "wfs_title"         "Structures" ##REQUIRED
      "wfs_srs"           "EPSG:3857" ## REQUIRED
      "gml_include_items" "Central_Asset_Id,Asset_Id"
      "gml_Central_Asset_Id_alias" "Confirm_CA"
      "gml_Feature_Type_alias" "Type"
      "gml_featureid"     "Asset_Id"
      "wfs_enable_request" "* !GetCapabilities"
    END
    TYPE POINT
    STATUS ON
    CONNECTION 'lincs/ST_All_Structures.TAB'
    CONNECTIONTYPE OGR
    PROJECTION
      "init=epsg:27700"
    END
  END #layer

  LAYER
    NAME "Safety_Barriers"
    METADATA
      "wfs_title"         "Safety Barriers" ##REQUIRED
      "wfs_srs"           "EPSG:3857" ## REQUIRED
      "gml_include_items" "Central_Asset_Id,Asset_Id"
      "gml_Central_Asset_Id_alias" "Confirm_CA"
      "gml_Feature_Type_alias" "Type"
      "gml_featureid"     "Asset_Id"
      "wfs_enable_request" "* !GetCapabilities"
    END
    TYPE LINE
    STATUS ON
    CONNECTION 'lincs/Safety_Barriers.TAB'
    CONNECTIONTYPE OGR
    PROJECTION
      "init=epsg:27700"
    END
  END #layer

  LAYER
    NAME "NSG"
    METADATA
      "wfs_title"         "NSG" ##REQUIRED
      "wfs_srs"           "EPSG:3857" ## REQUIRED
      "gml_include_items" "Site_Code" ## Optional (serves all attributes for layer)
      "gml_featureid"     "fid" ## REQUIRED
      "wfs_enable_request" "* !GetCapabilities"
    END
    TYPE LINE
    STATUS ON
    CONNECTION 'lincs/NSG.TAB'
    CONNECTIONTYPE OGR
    PROJECTION
      "init=epsg:27700"
    END
  END #layer

  LAYER
    NAME "Carriageway"
    METADATA
      "wfs_title"         "Carriageway" ##REQUIRED
      "wfs_srs"           "EPSG:3857" ## REQUIRED
      "gml_include_items" "Central_Asset_Id,Asset_Id"
      "gml_Central_Asset_Id_alias" "Confirm_CA"
      "gml_Feature_Type_alias" "Type"
      "gml_featureid"     "Asset_Id"
      "wfs_enable_request" "* !GetCapabilities"
    END
    TYPE LINE
    STATUS ON
    CONNECTION 'lincs/Carriageway.TAB'
    CONNECTIONTYPE OGR
    PROJECTION
      "init=epsg:27700"
    END
  END #layer

  LAYER
    NAME "Grit_Bins"
    METADATA
      "wfs_title"         "Grit Bins" ##REQUIRED
      "wfs_srs"           "EPSG:3857" ## REQUIRED
      "gml_include_items" "Central_Asset_Id,Asset_Id"
      "gml_Central_Asset_Id_alias" "Confirm_CA"
      "gml_Feature_Type_alias" "Type"
      "gml_featureid"     "Asset_Id"
      "wfs_enable_request" "* !GetCapabilities"
    END
    TYPE POINT
    STATUS ON
    CONNECTION 'lincs/Grit_Bins.TAB'
    CONNECTIONTYPE OGR
    PROJECTION
      "init=epsg:27700"
    END
  END #layer

  LAYER
    NAME "LLPG"
    METADATA
      "wfs_title"         "LLPG" ##REQUIRED
      "wfs_srs"           "EPSG:3857" ## REQUIRED
      "gml_include_items" "uprn,label" ## Optional (serves all attributes for layer)
      "gml_featureid"     "ogc_fid" ## REQUIRED
      "wfs_enable_request" "* !GetCapabilities"
    END
    TYPE POINT
    STATUS ON
    DATA 'lincs/LLPG'
    PROJECTION
      "init=epsg:3857"
    END
  END #layer

  LAYER
    NAME "PROW"
    METADATA
      "wfs_title"         "PROW" ##REQUIRED
      "wfs_srs"           "EPSG:3857" ## REQUIRED
      "gml_include_items" "Central_Asset_Id,Asset_Id"
      "gml_Central_Asset_Id_alias" "Confirm_CA"
      "gml_Feature_Type_alias" "Type"
      "gml_featureid"     "Asset_Id"
      "wfs_enable_request" "* !GetCapabilities"
    END
    TYPE LINE
    STATUS ON
    CONNECTION "lincs/PRoW_Routes.TAB"
    CONNECTIONTYPE OGR
    PROJECTION
      "init=epsg:27700"
    END
  END #layer

END #mapfile
