MAP
  NAME "Merton"
  STATUS ON
  EXTENT -180 -90 180 90
  SHAPEPATH "../../layers"

  OUTPUTFORMAT
    NAME "geojson"
    DRIVER "OGR/GEOJSON"
    MIMETYPE "application/json; subtype=geojson"
    FORMATOPTION "STORAGE=stream"
    FORMATOPTION "FORM=SIMPLE"
  END

  LAYER
    NAME "recycling_banks"
    METADATA
      "wfs_title"         "Recycling banks"
      "wfs_srs"           "EPSG:3857 EPSG:27700"
      "gml_include_items" "name"
      "gml_featureid"     "uprn"
      "wfs_enable_request" "*"
    END
    TYPE POINT
    STATUS ON
    CONNECTIONTYPE OGR
    CONNECTION 'merton/recycling_banks.gpkg'
    DATA 'recycling_banks'
    PROJECTION
      "init=epsg:4326"
    END
  END

  LAYER
    NAME "all_parks"
    TYPE POLYGON
    STATUS ON
    CONNECTIONTYPE UNION
    METADATA
      "wfs_title"         "All Parks" ##REQUIRED
      "wfs_srs"           "EPSG:3857 EPSG:27700" ## REQUIRED
      "gml_include_items" "Park_Name,Park_ID,UPRN" ## Optional (serves all attributes for layer)
      "gml_featureid"     "Park_ID" ## REQUIRED
      "wfs_enable_request" "*"
      "wfs_getfeature_formatlist" "geojson"
    END
    CONNECTION "merton_owned_parks,external_parks"
    PROCESSING "ITEMS=Park_Name,Park_ID,UPRN"
    PROJECTION
      "init=epsg:27700"
    END
  END

  LAYER
    NAME "merton_owned_parks"
    METADATA
      "wfs_title"         "Merton Owned Parks"
      "wfs_srs"           "EPSG:3857 EPSG:27700"
      "gml_include_items" "Park_Name,Park_ID,UPRN"
      "gml_featureid"     "Park_ID"
      "wfs_enable_request" "*"
      "wfs_getfeature_formatlist" "geojson"
    END
    TYPE POLYGON
    STATUS ON
    DATA 'merton/Merton_Owned_Parks'
    PROJECTION
      "init=epsg:27700"
    END
  END

  LAYER
    NAME "external_parks"
    METADATA
      "wfs_title"         "External Parks"
      "wfs_srs"           "EPSG:3857 EPSG:27700"
      "gml_include_items" "Park_Name,Park_ID,UPRN"
      "gml_featureid"     "Park_ID"
      "wfs_enable_request" "*"
      "wfs_getfeature_formatlist" "geojson"
    END
    TYPE POLYGON
    STATUS ON
    DATA 'merton/External_Parks'
    PROJECTION
      "init=epsg:27700"
    END
  END

END
