MAP
  NAME "Peterborough"
  STATUS ON
  EXTENT -180 -90 180 90
  SHAPEPATH "../../layers"

  OUTPUTFORMAT
    NAME "geojson"
    DRIVER "OGR/GEOJSON"
    MIMETYPE "application/json; subtype=geojson"
    FORMATOPTION "STORAGE=stream"
    FORMATOPTION "FORM=SIMPLE"
  END

  LAYER
    NAME "highways"
    METADATA
      "wfs_title"         "highways" ##REQUIRED
      "wfs_srs"           "EPSG:3857 EPSG:27700" ## REQUIRED
      "gml_include_items" "Usrn" ## Optional (serves all attributes for layer)
      "gml_featureid"     "fid" ## REQUIRED
      "wfs_enable_request" "* !GetCapabilities"  # necessary
      "wfs_getfeature_formatlist" "geojson" # so FMS.com cobrand lookup_site_code works
    END
    TYPE POLYGON
    STATUS ON
    CONNECTIONTYPE OGR
    CONNECTION 'peterborough/highways.gpkg'
    DATA 'highways'
    PROJECTION
      "init=epsg:3857"
    END
  END #layer

  LAYER
    NAME "tree_points"
    METADATA
      "wfs_title"          "Peterborough Tree Points"
      "wfs_srs"            "EPSG:3857 EPSG:27700"
      "gml_include_items"  "TREE_CODE"
      "gml_featureid"      "TREE_CODE"
      "wfs_enable_request" "*"
    END
    TYPE POINT
    STATUS ON
    DATA 'peterborough/trees_invent'
    FILTER ( NOT ( "[OWNER]" eq 'Private' ) )
    PROJECTION
      "init=epsg:27700"
    END
  END #layer

  LAYER
    NAME "tree_groups"
    METADATA
      "wfs_title"          "Peterborough Tree Groups"
      "wfs_srs"            "EPSG:3857 EPSG:27700"
      "gml_include_items"  "TREE_CODE"
      "gml_featureid"      "TREE_CODE"
      "wfs_enable_request" "*"
    END
    TYPE POLYGON
    STATUS ON
    DATA 'peterborough/tree_groups_invent'
    PROJECTION
      "init=epsg:27700"
    END
  END #layer

  LAYER
    NAME "StreetLights"
    METADATA
      "wfs_title"          "Peterborough Street Lights"
      "wfs_srs"            "EPSG:3857 EPSG:27700"
      "gml_include_items"  "UNITID,UNITNO,FULLSTREET,LOCALITY"
      "gml_featureid"      "UNITID"
      "wfs_enable_request" "*"
    END
    TYPE POINT
    STATUS ON
    DATA 'peterborough/StreetLights'
    PROJECTION
      "init=epsg:27700"
    END
  END #layer

END #mapfile
