MAP
  NAME "TfL"
  STATUS ON
  EXTENT 0 0 700000 1300000
  SIZE 256 256
  IMAGECOLOR 0 255 0
  IMAGETYPE png
  SHAPEPATH "../../layers"
  PROJECTION
    "init=epsg:27700"
  END

  OUTPUTFORMAT
    NAME "png"
    DRIVER AGG/PNG
    MIMETYPE "image/png"
    IMAGEMODE RGBA
    EXTENSION "png"
    TRANSPARENT ON
    FORMATOPTION "QUANTIZE_FORCE=on"
    FORMATOPTION "QUANTIZE_COLORS=256"
  END

  WEB
    METADATA
      "wms_title" "WMS Server"
      "wms_srs" "EPSG:3857 EPSG:27700"
      "wfs_srs" "EPSG:3857 EPSG:27700"
      "ows_enable_request" "*"
    END
  END

  OUTPUTFORMAT
    NAME "geojson"
    DRIVER "OGR/GEOJSON"
    MIMETYPE "application/json; subtype=geojson"
    FORMATOPTION "STORAGE=stream"
    FORMATOPTION "FORM=SIMPLE"
  END

  LAYER
    NAME "RedRoutes"
    METADATA
      "wfs_title"         "RedRoutes" ##REQUIRED
      "gml_include_items" "" ## Optional (serves all attributes for layer)
      "gml_featureid"     "fid" ## REQUIRED
      "wfs_enable_request" "* !GetCapabilities"  # necessary
      "wfs_getfeature_formatlist" "geojson"
    END
    CLASS
      NAME "Road"
      STYLE
        COLOR "#FF0000AA"
      END
    END
    TYPE POLYGON
    STATUS ON
    CONNECTIONTYPE OGR
    CONNECTION 'tfl/tlrn2025.gpkg'
    DATA 'TLRN'
    PROJECTION
      "init=epsg:27700"
    END
  END #layer

  LAYER
    NAME "trafficsignals"
    METADATA
      "wfs_title"         "trafficsignals" ##REQUIRED
      "gml_include_items" "Site" ## Optional (serves all attributes for layer)
      "gml_featureid"     "fid" ## REQUIRED
      "wfs_enable_request" "* !GetCapabilities"  # necessary
    END
    TYPE POINT
    STATUS ON
    CONNECTIONTYPE OGR
    CONNECTION 'tfl/TrafficSignals.gpkg'
    DATA 'TrafficSignals'
    PROJECTION
      "init=epsg:27700"
    END
  END #layer

  LAYER
    NAME "busstops"
    METADATA
      "wfs_title"         "busstops" ##REQUIRED
      "gml_include_items" "all" ## Optional (serves all attributes for layer)
      "gml_featureid"     "fid" ## REQUIRED
      "wfs_enable_request" "* !GetCapabilities"  # necessary
    END
    TYPE POINT
    STATUS ON
    CONNECTIONTYPE OGR
    CONNECTION 'tfl/Bus_Stops.gpkg'
    DATA 'Bus_Stops'
    PROJECTION
      "init=epsg:27700"
    END
  END #layer

  LAYER
    NAME "busstations"
    METADATA
      "wfs_title"         "busstations" ##REQUIRED
      "gml_include_items" "all" ## Optional (serves all attributes for layer)
      "gml_featureid"     "fid" ## REQUIRED
      "wfs_enable_request" "* !GetCapabilities"  # necessary
    END
    TYPE POINT
    STATUS ON
    CONNECTIONTYPE OGR
    CONNECTION 'tfl/tfl_bus_stations.gpkg'
    DATA 'tfl_bus_stations'
    PROJECTION
      "init=epsg:27700"
    END
  END #layer

  LAYER
    NAME "piers"
    METADATA
      "wfs_title"         "piers" ##REQUIRED
      "gml_include_items" "all" ## Optional (serves all attributes for layer)
      "gml_featureid"     "fid" ## REQUIRED
      "wfs_enable_request" "* !GetCapabilities"  # necessary
    END
    TYPE POINT
    STATUS ON
    CONNECTIONTYPE OGR
    CONNECTION 'tfl/tfl_river_piers.gpkg'
    DATA 'tfl_river_piers'
    PROJECTION
      "init=epsg:27700"
    END
  END #layer

  LAYER
    NAME "roadworks"
    METADATA
      "wfs_title"         "roadworks" ##REQUIRED
      "gml_include_items" "all" ## Optional (serves all attributes for layer)
      "gml_featureid"     "fid" ## REQUIRED
      "wfs_enable_request" "* !GetCapabilities"  # necessary
    END
    TYPE POINT
    STATUS ON
    CONNECTIONTYPE OGR
    CONNECTION 'tfl/roadworks.gpkg'
    DATA 'roadworks'
    PROJECTION
      "init=epsg:4326"
    END
  END #layer

  LAYER
    NAME "A13TLRN_DBFO"
    METADATA
      "wfs_title"         "A13TLRN_DBFO" ##REQUIRED
      "gml_featureid"     "fid" ## REQUIRED
      "gml_include_items" "OBJECTID" ## Optional (serves all attributes for layer)
      "wfs_enable_request" "* !GetCapabilities"
      "wfs_getfeature_formatlist" "geojson"
    END
    TYPE POLYGON
    STATUS ON
    DATA 'tfl/TLRN_DBFO_Boundary'
    PROJECTION
      "init=epsg:27700"
    END
  END #layer


END #mapfile
